// Jest Snapshot v1, https://goo.gl/fbAQLP

exports[`Should correctly render LoginPage 1`] = `
<div>
  <p>
     It's time to get your expenses under control. 
  </p>
  <button
    onClick={[MockFunction]}
  >
    Login
  </button>
</div>
`;
